Microchip MPLAB XC8 Compiler V2.45

Linker command line:

-W-3 \
  --edf=C:\Program Files\Microchip\xc8\v2.45\pic\dat\20230818022343_en.msgs \
  -cn -h+dist/default/production\section10_ad.X.production.sym \
  --cmf=dist/default/production\section10_ad.X.production.cmf -z -Q16F877A \
  -oC:\Users\PC\AppData\Local\Temp\xcAs1gs.\driver_tmp_3.o \
  --defsym=__MPLAB_BUILD=1 --fixupoverflow=error \
  -Mdist/default/production/section10_ad.X.production.map \
  --md=C:\Users\PC\AppData\Local\Temp\xcAs1gs.\driver_tmp_0.dat -E1 \
  -ver=XC8 Compiler --acfsm=1493 -ACODE=00h-07FFhx4 -ASTRCODE=00h-01FFFh \
  -ASTRING=00h-0FFhx32 -ACONST=00h-0FFhx32 -AENTRY=00h-0FFhx32 \
  -ACOMMON=070h-07Fh -ABANK0=020h-06Fh -ABANK1=0A0h-0EFh \
  -ABANK2=0110h-016Fh -ABANK3=0190h-01EFh \
  -ARAM=020h-06Fh,0A0h-0EFh,0110h-016Fh,0190h-01EFh \
  -AABS1=020h-07Fh,0A0h-0EFh,0110h-016Fh,0190h-01EFh -ASFR0=00h-01Fh \
  -ASFR1=080h-09Fh -ASFR2=0100h-010Fh -ASFR3=0180h-018Fh \
  -ACONFIG=02007h-02007h -DCONFIG=2 -AIDLOC=02000h-02003h -DIDLOC=2 \
  -AEEDATA=00h-0FFh/02100h -peeprom_data=EEDATA -DEEDATA=2 -DCODE=2 \
  -DSTRCODE=2 -DSTRING=2 -DCONST=2 -DENTRY=2 \
  -preset_vec=00h,intentry=04h,init,end_init -ppowerup=CODE -pcinit=CODE \
  -pfunctab=ENTRY -k \
  C:\Users\PC\AppData\Local\Temp\xcAs1gs.\driver_tmp_13.o \
  dist/default/production\section10_ad.X.production.o 

Object code version is 3.11

Machine type is 16F877A



                Name                               Link     Load   Length Selector   Space Scale
C:\Users\PC\AppData\Local\Temp\xcAs1gs.\driver_tmp_13.o
                end_init                              E        E        3        8       0
                reset_vec                             0        0        3        0       0
                config                             2007     2007        1        0       4
dist/default/production\section10_ad.X.production.o
                cinit                                11       11       12        8       0
                intentry                              4        4        A        8       0
                config                             2007     2007        1        0       4
                text8                               688      688       27        8       0
                text7                               6C2      6C2        9        8       0
                text6                               6CB      6CB        6        8       0
                text5                               368      368      1CF        8       0
                text4                               65F      65F       29        8       0
                text3                                23       23      345        8       0
                text2                               537      537       BA        8       0
                text1                               5F1      5F1       6E        8       0
                maintext                            6AF      6AF       13        8       0
                cstackBANK0                          20       20       46       20       1
                cstackCOMMON                         70       70        7       70       1
                cstackBANK1                          A0       A0        4       A0       1
                bssBANK0                             66       66        A       20       1
                bssCOMMON                            77       77        2       70       1

TOTAL           Name                               Link     Load   Length     Space
        CLASS   CODE           
                end_init                              E        E        3         0
                cinit                                11       11       12         0
                intentry                              4        4        A         0
                reset_vec                             0        0        3         0
                text8                               688      688       27         0
                text7                               6C2      6C2        9         0
                text6                               6CB      6CB        6         0
                text5                               368      368      1CF         0
                text4                               65F      65F       29         0
                text3                                23       23      345         0
                text2                               537      537       BA         0
                text1                               5F1      5F1       6E         0
                maintext                            6AF      6AF       13         0

        CLASS   STRCODE        

        CLASS   STRING         

        CLASS   CONST          

        CLASS   ENTRY          

        CLASS   COMMON         
                cstackCOMMON                         70       70        7         1
                bssCOMMON                            77       77        2         1

        CLASS   BANK0          
                cstackBANK0                          20       20       46         1
                bssBANK0                             66       66        A         1

        CLASS   BANK1          
                cstackBANK1                          A0       A0        4         1

        CLASS   BANK2          

        CLASS   BANK3          

        CLASS   RAM            

        CLASS   ABS1           
                abs_s1                               7E       7E        2         1

        CLASS   SFR0           

        CLASS   SFR1           

        CLASS   SFR2           

        CLASS   SFR3           

        CLASS   CONFIG         
                config                             2007     2007        1         4

        CLASS   IDLOC          

        CLASS   EEDATA         

        CLASS   HEAP           

        CLASS   STACK          



SEGMENTS        Name                           Load    Length   Top    Selector   Space  Class     Delta

                reset_vec                      000000  000003  000003         0       0  CODE        2
                intentry                       000004  0006CD  0006D1         8       0  CODE        2
                cstackBANK0                    000020  000050  000070        20       1  BANK0       1
                cstackCOMMON                   000070  000009  000079        70       1  COMMON      1
                cstackBANK1                    0000A0  000004  0000A4        A0       1  BANK1       1


UNUSED ADDRESS RANGES

        Name                Unused          Largest block    Delta
        BANK1            00A4-00EF             4C           1
        BANK2            0110-016F             60           1
        BANK3            0190-01EF             60           1
        CODE             0003-0003              1           2
                         06D1-1FFF            800
        COMMON           0079-007D              5           1
        CONST            0003-0003              1           2
                         06D1-1FFF            100
        EEDATA           2100-21FF            100           2
        ENTRY            0003-0003              1           2
                         06D1-1FFF            100
        IDLOC            2000-2003              4           2
        RAM              00A4-00EF             4C           1
                         0110-016F             60
                         0190-01EF             60
        SFR0             0000-001F             20           1
        SFR1             0080-009F             20           1
        SFR2             0100-010F             10           1
        SFR3             0180-018F             10           1
        STRCODE          0003-0003              1           2
                         06D1-1FFF           192F
        STRING           0003-0003              1           2
                         06D1-1FFF            100

                                  Symbol Table

?__Umul8_16              cstackCOMMON 0075
?___fldiv                cstackBANK0  002E
?___flmul                cstackBANK0  0048
?___xxtofl               cstackBANK0  0020
?_temprature             cstackBANK0  0062
_ADCON0                  (abs)        001F
_ADCON1                  (abs)        009F
_ADRESH                  (abs)        001E
_ADRESL                  (abs)        009E
_INTCONbits              (abs)        000B
_PIE1bits                (abs)        008C
_PIR1bits                (abs)        000C
__H__absolute__          __absolute__ 0000
__Habs1                  abs1         0000
__Hbank0                 bank0        0000
__Hbank1                 bank1        0000
__Hbank2                 bank2        0000
__Hbank3                 bank3        0000
__HbssBANK0              bssBANK0     0000
__HbssCOMMON             bssCOMMON    0000
__Hcinit                 cinit        0023
__Hclrtext               clrtext      0000
__Hcode                  code         0000
__Hcommon                common       0000
__Hconfig                config       2008
__HcstackBANK0           cstackBANK0  0000
__HcstackBANK1           cstackBANK1  0000
__HcstackCOMMON          cstackCOMMON 0000
__Heeprom_data           eeprom_data  0000
__Hend_init              end_init     0011
__Hfunctab               functab      0000
__Hheap                  heap         0000
__Hinit                  init         000E
__Hintentry              intentry     000E
__Hmaintext              maintext     0000
__Hpowerup               powerup      0000
__Hram                   ram          0000
__Hreset_vec             reset_vec    0003
__Hsfr0                  sfr0         0000
__Hsfr1                  sfr1         0000
__Hsfr2                  sfr2         0000
__Hsfr3                  sfr3         0000
__Hspace_0               (abs)        06D1
__Hspace_1               (abs)        00A4
__Hspace_2               (abs)        0000
__Hspace_3               (abs)        0000
__Hspace_4               (abs)        400F
__Hstack                 stack        0000
__Hstrings               strings      0000
__Htext                  text         0000
__L__absolute__          __absolute__ 0000
__Labs1                  abs1         0000
__Lbank0                 bank0        0000
__Lbank1                 bank1        0000
__Lbank2                 bank2        0000
__Lbank3                 bank3        0000
__LbssBANK0              bssBANK0     0000
__LbssCOMMON             bssCOMMON    0000
__Lcinit                 cinit        0011
__Lclrtext               clrtext      0000
__Lcode                  code         0000
__Lcommon                common       0000
__Lconfig                config       0000
__LcstackBANK0           cstackBANK0  0000
__LcstackBANK1           cstackBANK1  0000
__LcstackCOMMON          cstackCOMMON 0000
__Leeprom_data           eeprom_data  0000
__Lend_init              end_init     000E
__Lfunctab               functab      0000
__Lheap                  heap         0000
__Linit                  init         000E
__Lintentry              intentry     0004
__Lmaintext              maintext     0000
__Lpowerup               powerup      0000
__Lram                   ram          0000
__Lreset_vec             reset_vec    0000
__Lsfr0                  sfr0         0000
__Lsfr1                  sfr1         0000
__Lsfr2                  sfr2         0000
__Lsfr3                  sfr3         0000
__Lspace_0               (abs)        0000
__Lspace_1               (abs)        0000
__Lspace_2               (abs)        0000
__Lspace_3               (abs)        0000
__Lspace_4               (abs)        0000
__Lstack                 stack        0000
__Lstrings               strings      0000
__Ltext                  text         0000
__S0                     (abs)        06D1
__S1                     (abs)        00A4
__S3                     (abs)        0000
__Umul8_16               text4        065F
__Umul8_16@multiplicand  cstackCOMMON 0075
__Umul8_16@multiplier    cstackBANK0  0026
__Umul8_16@product       cstackBANK0  0022
__Umul8_16@word_mpld     cstackBANK0  0024
___fldiv                 text5        0368
___fldiv@a               cstackBANK0  002E
___fldiv@aexp            cstackBANK0  0047
___fldiv@b               cstackBANK0  0032
___fldiv@bexp            cstackBANK0  0046
___fldiv@grs             cstackBANK0  0042
___fldiv@new_exp         cstackBANK0  0040
___fldiv@rem             cstackBANK0  003B
___fldiv@sign            cstackBANK0  003F
___flmul                 text3        0023
___flmul@a               cstackBANK0  004C
___flmul@aexp            cstackBANK0  0056
___flmul@b               cstackBANK0  0048
___flmul@bexp            cstackBANK0  005B
___flmul@grs             cstackBANK0  0057
___flmul@prod            cstackBANK0  005C
___flmul@sign            cstackBANK0  0055
___flmul@temp            cstackBANK0  0060
___heap_hi               (abs)        0000
___heap_lo               (abs)        0000
___int_sp                stack        0000
___int_stack_hi          stack        0000
___int_stack_lo          stack        0000
___latbits               (abs)        0002
___sp                    stack        0000
___stack_hi              stack        0000
___stack_lo              stack        0000
___stackhi               (abs)        0000
___stacklo               (abs)        0000
___xxtofl                text2        0537
___xxtofl@arg            cstackBANK0  002A
___xxtofl@exp            cstackBANK0  0029
___xxtofl@sign           cstackBANK0  0028
___xxtofl@val            cstackBANK0  0020
__end_of__Umul8_16       text4        0688
__end_of___fldiv         text5        0537
__end_of___flmul         text3        0368
__end_of___xxtofl        text2        05F1
__end_of__initialization cinit        001F
__end_of_adc_convert     text8        06AF
__end_of_adc_init        text7        06CB
__end_of_interrupt_setup text6        06D1
__end_of_main            maintext     06C2
__end_of_temprature      text1        065F
__initialization         cinit        0011
__pbssBANK0              bssBANK0     0066
__pbssCOMMON             bssCOMMON    0077
__pcstackBANK0           cstackBANK0  0020
__pcstackBANK1           cstackBANK1  00A0
__pcstackCOMMON          cstackCOMMON 0070
__pintentry              intentry     0004
__pmaintext              maintext     06AF
__ptext1                 text1        05F1
__ptext2                 text2        0537
__ptext3                 text3        0023
__ptext4                 text4        065F
__ptext5                 text5        0368
__ptext6                 text6        06CB
__ptext7                 text7        06C2
__ptext8                 text8        0688
_adc                     bssBANK0     006E
_adc_convert             text8        0688
_adc_init                text7        06C2
_interrupt_setup         text6        06CB
_main                    maintext     06AF
_temprature              text1        05F1
btemp                    (abs)        007E
end_of_initialization    cinit        001F
interrupt_function       intentry     0004
intlevel0                functab      0000
intlevel1                functab      0000
intlevel2                functab      0000
intlevel3                functab      0000
intlevel4                functab      0000
intlevel5                functab      0000
reset_vec                reset_vec    0000
saved_w                  (abs)        007E
start                    init         000E
start_initialization     cinit        0011
temprature@temp          cstackBANK1  00A0
wtemp0                   (abs)        007E


MODULE INFORMATION

Module		Function		Class		Link	Load	Size
C:\Program Files\Microchip\xc8\v2.45\pic\sources\c90\common\xxtofl.c
		___xxtofl      		CODE           	0537	0000	186

C:\Program Files\Microchip\xc8\v2.45\pic\sources\c90\common\xxtofl.c estimated size: 186

C:\Program Files\Microchip\xc8\v2.45\pic\sources\c90\common\Umul8_16.c
		__Umul8_16     		CODE           	065F	0000	41

C:\Program Files\Microchip\xc8\v2.45\pic\sources\c90\common\Umul8_16.c estimated size: 41

shared
		__initialization		CODE           	0011	0000	14

shared estimated size: 14

C:\Program Files\Microchip\xc8\v2.45\pic\sources\c90\common\sprcmul.c
		___flmul       		CODE           	0023	0000	837

C:\Program Files\Microchip\xc8\v2.45\pic\sources\c90\common\sprcmul.c estimated size: 837

C:\Program Files\Microchip\xc8\v2.45\pic\sources\c90\common\sprcdiv.c
		___fldiv       		CODE           	0368	0000	463

C:\Program Files\Microchip\xc8\v2.45\pic\sources\c90\common\sprcdiv.c estimated size: 463

main.c
		_interrupt_setup		CODE           	06CB	0000	6
		_main          		CODE           	06AF	0000	19
		_temprature    		CODE           	05F1	0000	110
		_adc_convert   		CODE           	0688	0000	39
		_adc_init      		CODE           	06C2	0000	9

main.c estimated size: 183

