<html>
<body>
<pre>
<h1>µVision Build Log</h1>
<h2>Tool Versions:</h2>
IDE-Version: µVision V5.39.0.0
Copyright (C) 2023 ARM Ltd and ARM Germany GmbH. All rights reserved.
License Information: thuy ASUS, non, LIC=----
 
Tool Versions:
Toolchain:       MDK-Lite  Version: 5.39.0.0
Toolchain Path:  C:\Keil_v5\ARM\ARMCLANG\Bin
C Compiler:      ArmClang.exe V6.21
Assembler:       Armasm.exe V6.21
Linker/Locator:  ArmLink.exe V6.21
Library Manager: ArmAr.exe V6.21
Hex Converter:   FromElf.exe V6.21
CPU DLL:         SARMCM3.DLL V5.39.0.0
Dialog DLL:      DARMSTM.DLL V1.69.1.0
Target DLL:      STLink\ST-LINKIII-KEIL_SWO.dll V3.2.0.0
Dialog DLL:      TCM.DLL V1.56.4.0
 
<h2>Project:</h2>
E:\2.Embedded\1.microtroller\3.stm32fx\reg\stm32f10x\3.UART_USART\034__STM32F1_USART_ADVANCED_COMMUNICATION_SETUP\034__STM32F1_USART_ADVANCED_COMMUNICATION_SETUP.uvprojx
Project File Date:  01/26/2024

<h2>Output:</h2>
*** Using Compiler 'V6.21', folder: 'C:\Keil_v5\ARM\ARMCLANG\Bin'
Build target 'Target 1'
systick_time.c(1): warning: In file included from...
./systick_time.h(9): warning: no newline at end of file [-Wnewline-eof]
    9 | void systick_int(unsigned short uart_1_mgr[], unsigned short uart_2_mgr[], unsigned short uart_3_mgr[]);
      |                                                                                                         ^
systick_time.c(2): warning: In file included from...
C:/Users/ASUS/AppData/Local/Arm/Packs/Keil/STM32F1xx_DFP/2.4.1/Device/Include\stm32f10x.h(18): warning: invalid UTF-8 in comment [-Winvalid-utf8]
   18 |   *              - To use or not the peripheral<92>s drivers in application code(i.e. 
      |                                                ^
C:/Users/ASUS/AppData/Local/Arm/Packs/Keil/STM32F1xx_DFP/2.4.1/Device/Include\stm32f10x.h(19): warning: invalid UTF-8 in comment [-Winvalid-utf8]
   19 |   *                code will be based on direct access to peripheral<92>s registers 
      |                                                                     ^
C:/Users/ASUS/AppData/Local/Arm/Packs/Keil/STM32F1xx_DFP/2.4.1/Device/Include\stm32f10x.h(26): warning: invalid UTF-8 in comment [-Winvalid-utf8]
   26 |   *           - Macros to access peripheral<92>s registers hardware
      |                                            ^
systick_time.c(50): warning: unsafe buffer access [-Wunsafe-buffer-usage]
   50 |                 if(uart_1_mgr[6] == 0){
      |                    ^~~~~~~~~~
systick_time.c(52): warning: unsafe buffer access [-Wunsafe-buffer-usage]
   52 |                         uart_1_mgr[1] = 1;
      |                         ^~~~~~~~~~
systick_time.c(55): warning: unsafe buffer access [-Wunsafe-buffer-usage]
   55 |                         uart_1_mgr[6]--;
      |                         ^~~~~~~~~~
systick_time.c(58): warning: unsafe buffer access [-Wunsafe-buffer-usage]
   58 |                 if(uart_2_mgr[6] == 0){
      |                    ^~~~~~~~~~
systick_time.c(60): warning: unsafe buffer access [-Wunsafe-buffer-usage]
   60 |                         uart_2_mgr[1] = 1;
      |                         ^~~~~~~~~~
systick_time.c(63): warning: unsafe buffer access [-Wunsafe-buffer-usage]
   63 |                         uart_2_mgr[6]--;
      |                         ^~~~~~~~~~
systick_time.c(66): warning: unsafe buffer access [-Wunsafe-buffer-usage]
   66 |                 if(uart_3_mgr[6] == 0){
      |                    ^~~~~~~~~~
systick_time.c(68): warning: unsafe buffer access [-Wunsafe-buffer-usage]
   68 |                         uart_3_mgr[1] = 1;
      |                         ^~~~~~~~~~
systick_time.c(71): warning: unsafe buffer access [-Wunsafe-buffer-usage]
   71 |                         uart_3_mgr[6]--;
      |                         ^~~~~~~~~~
13 warnings generated.
compiling systick_time.c...
uart_driver.c(1): warning: In file included from...
C:/Users/ASUS/AppData/Local/Arm/Packs/Keil/STM32F1xx_DFP/2.4.1/Device/Include\stm32f10x.h(18): warning: invalid UTF-8 in comment [-Winvalid-utf8]
   18 |   *              - To use or not the peripheral<92>s drivers in application code(i.e. 
      |                                                ^
C:/Users/ASUS/AppData/Local/Arm/Packs/Keil/STM32F1xx_DFP/2.4.1/Device/Include\stm32f10x.h(19): warning: invalid UTF-8 in comment [-Winvalid-utf8]
   19 |   *                code will be based on direct access to peripheral<92>s registers 
      |                                                                     ^
C:/Users/ASUS/AppData/Local/Arm/Packs/Keil/STM32F1xx_DFP/2.4.1/Device/Include\stm32f10x.h(26): warning: invalid UTF-8 in comment [-Winvalid-utf8]
   26 |   *           - Macros to access peripheral<92>s registers hardware
      |                                            ^
uart_driver.c(4): warning: In file included from...
./systick_time.h(9): warning: no newline at end of file [-Wnewline-eof]
    9 | void systick_int(unsigned short uart_1_mgr[], unsigned short uart_2_mgr[], unsigned short uart_3_mgr[]);
      |                                                                                                         ^
uart_driver.c(31): warning: implicit conversion turns floating-point number into integer: 'double' to 'unsigned long' [-Wfloat-conversion]
   31 |         dec = frac;
      |             ~ ^~~~
uart_driver.c(71): warning: implicit conversion loses integer precision: 'unsigned long' to 'uint16_t' (aka 'unsigned short') [-Wimplicit-int-conversion]
   71 |                 USART1->BRR = BR_cal;
      |                             ~ ^~~~~~
uart_driver.c(87): warning: implicit conversion loses integer precision: 'unsigned long' to 'uint16_t' (aka 'unsigned short') [-Wimplicit-int-conversion]
   87 |                 USART2->BRR = BR_cal;
      |                             ~ ^~~~~~
uart_driver.c(103): warning: implicit conversion loses integer precision: 'unsigned long' to 'uint16_t' (aka 'unsigned short') [-Wimplicit-int-conversion]
  103 |                 USART3->BRR = BR_cal;
      |                             ~ ^~~~~~
uart_driver.c(59): warning: mixing declarations and code is incompatible with standards before C99 [-Wdeclaration-after-statement]
   59 |         unsigned long BR_cal;
      |                       ^
uart_driver.c(80): warning: expression result unused [-Wunused-value]
   80 |                 __enable_irq;
      |                 ^~~~~~~~~~~~
uart_driver.c(96): warning: expression result unused [-Wunused-value]
   96 |                 __enable_irq;
      |                 ^~~~~~~~~~~~
uart_driver.c(112): warning: expression result unused [-Wunused-value]
  112 |                 __enable_irq;
      |                 ^~~~~~~~~~~~
uart_driver.c(122): warning: implicit conversion loses integer precision: 'volatile uint16_t' (aka 'volatile unsigned short') to 'char' [-Wimplicit-int-conversion]
  122 |                 c = USART1->DR;
      |                   ~ ~~~~~~~~^~
uart_driver.c(126): warning: implicit conversion loses integer precision: 'volatile uint16_t' (aka 'volatile unsigned short') to 'char' [-Wimplicit-int-conversion]
  126 |                 c = USART2->DR;
      |                   ~ ~~~~~~~~^~
uart_driver.c(130): warning: implicit conversion loses integer precision: 'volatile uint16_t' (aka 'volatile unsigned short') to 'char' [-Wimplicit-int-conversion]
  130 |                 c = USART3->DR;
      |                   ~ ~~~~~~~~^~
uart_driver.c(128): warning: variable 'c' is used uninitialized whenever 'if' condition is false [-Wsometimes-uninitialized]
  128 |         else if(uart == 3){
      |                 ^~~~~~~~~
uart_driver.c(132): note: uninitialized use occurs here
  132 |         return c;
      |                ^
uart_driver.c(128): note: remove the 'if' if its condition is always true
  128 |         else if(uart == 3){
      |              ^~~~~~~~~~~~~
uart_driver.c(119): note: initialize the variable 'c' to silence this warning
  119 |         char c;
      |               ^
      |                = '\0'
uart_driver.c(156): warning: unsafe pointer arithmetic [-Wunsafe-buffer-usage]
  156 |         while(*(str+i) != '\0'){
      |                 ^~~
uart_driver.c(157): warning: unsafe pointer arithmetic [-Wunsafe-buffer-usage]
  157 |                 UART_Tx(uart, *(str+i));
      |                                 ^~~
uart_driver.c(184): warning: unsafe buffer access [-Wunsafe-buffer-usage]
  184 |         if(uart_mgr[2] == 0){ 
      |            ^~~~~~~~
uart_driver.c(185): warning: unsafe buffer access [-Wunsafe-buffer-usage]
  185 |                 msg[uart_mgr[0]] = UART_Rx(uart); // nhan thong tin tu USARTx
      |                 ^~~
uart_driver.c(186): warning: unsafe buffer access [-Wunsafe-buffer-usage]
  186 |                 if(uart_mgr[3]){ // kiem tra terminator = ? -> = 0 -> interrupt/ != 0 -> terminator
      |                    ^~~~~~~~
uart_driver.c(188): warning: unsafe buffer access [-Wunsafe-buffer-usage]
  188 |                         if(msg[uart_mgr[0]] == uart_mgr[4]){
      |                            ^~~
uart_driver.c(188): warning: unsafe buffer access [-Wunsafe-buffer-usage]
  188 |                         if(msg[uart_mgr[0]] == uart_mgr[4]){
      |                                                ^~~~~~~~
uart_driver.c(190): warning: unsafe buffer access [-Wunsafe-buffer-usage]
  190 |                                 uart_mgr[1] = 1;
      |                                 ^~~~~~~~
uart_driver.c(198): warning: unsafe buffer access [-Wunsafe-buffer-usage]
  198 |                         uart_mgr[6] = uart_mgr[5];
      |                         ^~~~~~~~
uart_driver.c(198): warning: unsafe buffer access [-Wunsafe-buffer-usage]
  198 |                         uart_mgr[6] = uart_mgr[5];
      |                                       ^~~~~~~~
uart_driver.c(204): warning: unsafe buffer access [-Wunsafe-buffer-usage]
  204 |                 UART_Tx(uart_mgr[2],UART_Rx(uart)); // truyen du lieu nhan duoc tu chan UASRT den USART(bridge)
      |                         ^~~~~~~~
uart_driver.c(213): warning: unsafe buffer access [-Wunsafe-buffer-usage]
  213 |         while(str[i] != '\n'){
      |               ^~~
uart_driver.c(214): warning: unsafe buffer access [-Wunsafe-buffer-usage]
  214 |                 str[i] = '\0';
      |                 ^~~
uart_driver.c(222): warning: unsafe buffer access [-Wunsafe-buffer-usage]
  222 |         while(uart_mgr[1] == 0 && TimeOut != 0){
      |               ^~~~~~~~
uart_driver.c(225): warning: unsafe buffer access [-Wunsafe-buffer-usage]
  225 |         uart_mgr[1] = 0;
      |         ^~~~~~~~
31 warnings generated.
compiling uart_driver.c...
linking...
Program Size: Code=5544 RO-data=268 RW-data=44 ZI-data=1832  
".\Objects\034__STM32F1_USART_ADVANCED_COMMUNICATION_SETUP.axf" - 0 Error(s), 44 Warning(s).

<h2>Software Packages used:</h2>

Package Vendor: ARM
                http://www.keil.com/pack/ARM.CMSIS.5.9.0.pack
                ARM::CMSIS@5.9.0
                CMSIS (Common Microcontroller Software Interface Standard)
   * Component: CORE Version: 5.6.0

Package Vendor: Keil
                https://www.keil.com/pack/Keil.STM32F1xx_DFP.2.4.1.pack
                Keil::STM32F1xx_DFP@2.4.1
                STMicroelectronics STM32F1 Series Device Support, Drivers and Examples
   * Component: Startup Version: 1.0.0

<h2>Collection of Component include folders:</h2>
  ./RTE/Device/STM32F103C8
  ./RTE/_Target_1
  C:/Users/ASUS/AppData/Local/Arm/Packs/ARM/CMSIS/5.9.0/CMSIS/Core/Include
  C:/Users/ASUS/AppData/Local/Arm/Packs/Keil/STM32F1xx_DFP/2.4.1/Device/Include

<h2>Collection of Component Files used:</h2>

   * Component: ARM::CMSIS:CORE@5.6.0

   * Component: Keil::Device:Startup@1.0.0
      Include file:  RTE_Driver/Config/RTE_Device.h
      Source file:   Device/Source/ARM/startup_stm32f10x_md.s
      Source file:   Device/Source/ARM/STM32F1xx_OPT.s
      Source file:   Device/Source/system_stm32f10x.c
Build Time Elapsed:  00:00:02
</pre>
</body>
</html>
