<html>
<body>
<pre>
<h1>µVision Build Log</h1>
<h2>Tool Versions:</h2>
IDE-Version: µVision V5.39.0.0
Copyright (C) 2023 ARM Ltd and ARM Germany GmbH. All rights reserved.
License Information: nguyen trong_thuy, non, LIC=----
 
Tool Versions:
Toolchain:       MDK-Lite  Version: 5.39.0.0
Toolchain Path:  C:\Keil_v5\ARM\ARMCLANG\Bin
C Compiler:      ArmClang.exe V6.21
Assembler:       Armasm.exe V6.21
Linker/Locator:  ArmLink.exe V6.21
Library Manager: ArmAr.exe V6.21
Hex Converter:   FromElf.exe V6.21
CPU DLL:         SARMCM3.DLL V5.39.0.0
Dialog DLL:      DARMSTM.DLL V1.69.1.0
Target DLL:      STLink\ST-LINKIII-KEIL_SWO.dll V3.2.0.0
Dialog DLL:      TCM.DLL V1.56.4.0
 
<h2>Project:</h2>
E:\2.Embedded\microtroller\3.stm32fx\reg\stm32f10x\7.ADC\070__STM32F1_Analog_to_Digital_Converter_ADC_setup_and_result_ visualization\070__STM32F1_Analog_to_Digital_Converter_ADC_setup_and_result_ visualization.uvprojx
Project File Date:  05/09/2024

<h2>Output:</h2>
*** Using Compiler 'V6.21', folder: 'C:\Keil_v5\ARM\ARMCLANG\Bin'
Rebuild target 'Target 1'
assembling startup_stm32f10x_md.s...
adc.c(1): warning: In file included from...
./adc.h(1): warning: In file included from...
C:/Users/ASUS/AppData/Local/Arm/Packs/Keil/STM32F1xx_DFP/2.4.1/Device/Include\stm32f10x.h(18): warning: invalid UTF-8 in comment [-Winvalid-utf8]
   18 |   *              - To use or not the peripheral<92>s drivers in application code(i.e. 
      |                                                ^
C:/Users/ASUS/AppData/Local/Arm/Packs/Keil/STM32F1xx_DFP/2.4.1/Device/Include\stm32f10x.h(19): warning: invalid UTF-8 in comment [-Winvalid-utf8]
   19 |   *                code will be based on direct access to peripheral<92>s registers 
      |                                                                     ^
C:/Users/ASUS/AppData/Local/Arm/Packs/Keil/STM32F1xx_DFP/2.4.1/Device/Include\stm32f10x.h(26): warning: invalid UTF-8 in comment [-Winvalid-utf8]
   26 |   *           - Macros to access peripheral<92>s registers hardware
      |                                            ^
adc.c(13): warning: implicit conversion loses integer precision: 'short' to 'char' [-Wimplicit-int-conversion]
   13 |                         channel = pin;
      |                                 ~ ^~~
adc.c(21): warning: implicit conversion loses integer precision: 'int' to 'char' [-Wimplicit-int-conversion]
   21 |                 channel = 8 + pin;
      |                         ~ ~~^~~~~
adc.c(29): warning: implicit conversion loses integer precision: 'int' to 'char' [-Wimplicit-int-conversion]
   29 |                 channel = 10 + pin;
      |                         ~ ~~~^~~~~
adc.c(34): warning: implicit conversion changes signedness: 'short' to 'unsigned short' [-Wsign-conversion]
   34 |                 init_GP(port,pin,IN,I_AN);
      |                 ~~~~~~~      ^~~
adc.c(34): warning: implicit conversion changes signedness: 'short' to 'unsigned short' [-Wsign-conversion]
   34 |                 init_GP(port,pin,IN,I_AN);
      |                 ~~~~~~~ ^~~~
adc.c(39): warning: variable 'channel' may be uninitialized when used here [-Wconditional-uninitialized]
   39 |                         ADC1->SQR3 = channel;
      |                                      ^~~~~~~
adc.c(6): note: initialize the variable 'channel' to silence this warning
    6 |         char channel;
      |                     ^
      |                      = '\0'
adc.c(60): warning: unused parameter 'port' [-Wunused-parameter]
   60 | char adc_check(char adc, short port, short pin)
      |                                ^
adc.c(60): warning: unused parameter 'pin' [-Wunused-parameter]
   60 | char adc_check(char adc, short port, short pin)
      |                                            ^
adc.c(89): warning: implicit conversion changes signedness: 'volatile uint32_t' (aka 'volatile unsigned int') to 'int' [-Wsign-conversion]
   89 |                 data = ADC1->DR;
      |                      ~ ~~~~~~^~
adc.c(93): warning: implicit conversion changes signedness: 'volatile uint32_t' (aka 'volatile unsigned int') to 'int' [-Wsign-conversion]
   93 |                 data = ADC2->DR;
      |                      ~ ~~~~~~^~
adc.c(83): warning: unused parameter 'port' [-Wunused-parameter]
   83 | int adc_rx(char adc, short port, short pin)
      |                            ^
adc.c(83): warning: unused parameter 'pin' [-Wunused-parameter]
   83 | int adc_rx(char adc, short port, short pin)
      |                                        ^
15 warnings generated.
compiling adc.c...
main.c(1): warning: In file included from...
C:/Users/ASUS/AppData/Local/Arm/Packs/Keil/STM32F1xx_DFP/2.4.1/Device/Include\stm32f10x.h(18): warning: invalid UTF-8 in comment [-Winvalid-utf8]
   18 |   *              - To use or not the peripheral<92>s drivers in application code(i.e. 
      |                                                ^
C:/Users/ASUS/AppData/Local/Arm/Packs/Keil/STM32F1xx_DFP/2.4.1/Device/Include\stm32f10x.h(19): warning: invalid UTF-8 in comment [-Winvalid-utf8]
   19 |   *                code will be based on direct access to peripheral<92>s registers 
      |                                                                     ^
C:/Users/ASUS/AppData/Local/Arm/Packs/Keil/STM32F1xx_DFP/2.4.1/Device/Include\stm32f10x.h(26): warning: invalid UTF-8 in comment [-Winvalid-utf8]
   26 |   *           - Macros to access peripheral<92>s registers hardware
      |                                            ^
main.c(3): warning: no previous extern declaration for non-static variable 'adc_val' [-Wmissing-variable-declarations]
    3 | int adc_val;
      |     ^
main.c(3): note: declare 'static' if the variable is not intended to be used outside of this translation unit
    3 | int adc_val;
      | ^
4 warnings generated.
compiling main.c...
systick_drive.c(1): warning: In file included from...
C:/Users/ASUS/AppData/Local/Arm/Packs/Keil/STM32F1xx_DFP/2.4.1/Device/Include\stm32f10x.h(18): warning: invalid UTF-8 in comment [-Winvalid-utf8]
   18 |   *              - To use or not the peripheral<92>s drivers in application code(i.e. 
      |                                                ^
C:/Users/ASUS/AppData/Local/Arm/Packs/Keil/STM32F1xx_DFP/2.4.1/Device/Include\stm32f10x.h(19): warning: invalid UTF-8 in comment [-Winvalid-utf8]
   19 |   *                code will be based on direct access to peripheral<92>s registers 
      |                                                                     ^
C:/Users/ASUS/AppData/Local/Arm/Packs/Keil/STM32F1xx_DFP/2.4.1/Device/Include\stm32f10x.h(26): warning: invalid UTF-8 in comment [-Winvalid-utf8]
   26 |   *           - Macros to access peripheral<92>s registers hardware
      |                                            ^
3 warnings generated.
compiling systick_drive.c...
RTE/Device/STM32F103C8/system_stm32f10x.c(64): warning: In file included from...
C:/Users/ASUS/AppData/Local/Arm/Packs/Keil/STM32F1xx_DFP/2.4.1/Device/Include\stm32f10x.h(18): warning: invalid UTF-8 in comment [-Winvalid-utf8]
   18 |   *              - To use or not the peripheral<92>s drivers in application code(i.e. 
      |                                                ^
C:/Users/ASUS/AppData/Local/Arm/Packs/Keil/STM32F1xx_DFP/2.4.1/Device/Include\stm32f10x.h(19): warning: invalid UTF-8 in comment [-Winvalid-utf8]
   19 |   *                code will be based on direct access to peripheral<92>s registers 
      |                                                                     ^
C:/Users/ASUS/AppData/Local/Arm/Packs/Keil/STM32F1xx_DFP/2.4.1/Device/Include\stm32f10x.h(26): warning: invalid UTF-8 in comment [-Winvalid-utf8]
   26 |   *           - Macros to access peripheral<92>s registers hardware
      |                                            ^
RTE/Device/STM32F103C8/system_stm32f10x.c(166): warning: no previous extern declaration for non-static variable 'AHBPrescTable' [-Wmissing-variable-declarations]
  166 | __I uint8_t AHBPrescTable[16] = {0, 0, 0, 0, 0, 0, 0, 0, 1, 2, 3, 4, 6, 7, 8, 9};
      |             ^
RTE/Device/STM32F103C8/system_stm32f10x.c(166): note: declare 'static' if the variable is not intended to be used outside of this translation unit
  166 | __I uint8_t AHBPrescTable[16] = {0, 0, 0, 0, 0, 0, 0, 0, 1, 2, 3, 4, 6, 7, 8, 9};
      |     ^
RTE/Device/STM32F103C8/system_stm32f10x.c(408): warning: unsafe buffer access [-Wunsafe-buffer-usage]
  408 |   tmp = AHBPrescTable[((RCC->CFGR & RCC_CFGR_HPRE) >> 4)];
      |         ^~~~~~~~~~~~~
5 warnings generated.
compiling system_stm32f10x.c...
gpio_drive.c(10): warning: In file included from...
C:/Users/ASUS/AppData/Local/Arm/Packs/Keil/STM32F1xx_DFP/2.4.1/Device/Include\stm32f10x.h(18): warning: invalid UTF-8 in comment [-Winvalid-utf8]
   18 |   *              - To use or not the peripheral<92>s drivers in application code(i.e. 
      |                                                ^
C:/Users/ASUS/AppData/Local/Arm/Packs/Keil/STM32F1xx_DFP/2.4.1/Device/Include\stm32f10x.h(19): warning: invalid UTF-8 in comment [-Winvalid-utf8]
   19 |   *                code will be based on direct access to peripheral<92>s registers 
      |                                                                     ^
C:/Users/ASUS/AppData/Local/Arm/Packs/Keil/STM32F1xx_DFP/2.4.1/Device/Include\stm32f10x.h(26): warning: invalid UTF-8 in comment [-Winvalid-utf8]
   26 |   *           - Macros to access peripheral<92>s registers hardware
      |                                            ^
gpio_drive.c(44): warning: implicit conversion changes signedness: 'int' to 'unsigned long' [-Wsign-conversion]
   44 |         *CR &= ~(0xf<<(tPin)*4);
      |             ~~ ^~~~~~~~~~~~~~~~
gpio_drive.c(45): warning: implicit conversion changes signedness: 'int' to 'unsigned long' [-Wsign-conversion]
   45 |         *CR |= ((DIR<<(tPin*4)) | (OPT<<(tPin*4+2)));
      |             ~~  ~~~~~~~~~~~~~~~~^~~~~~~~~~~~~~~~~~~
gpio_drive.c(38): warning: variable 'CR' is used uninitialized whenever 'if' condition is false [-Wsometimes-uninitialized]
   38 |         else if(PORT == 3)
      |                 ^~~~~~~~~
gpio_drive.c(44): note: uninitialized use occurs here
   44 |         *CR &= ~(0xf<<(tPin)*4);
      |          ^~
gpio_drive.c(38): note: remove the 'if' if its condition is always true
   38 |         else if(PORT == 3)
      |              ^~~~~~~~~~~~~
   39 |                 {
gpio_drive.c(16): note: initialize the variable 'CR' to silence this warning
   16 |         volatile unsigned long * CR;
      |                                    ^
      |                                     = 0
gpio_drive.c(66): warning: implicit conversion changes signedness: 'unsigned long' to 'int' [-Wsign-conversion]
   66 |                 state =  ((*IDR & (1<<pin))>>pin)  ;
      |                       ~   ~~~~~~~~~~~~~~~~~^~~~~
gpio_drive.c(62): warning: variable 'IDR' is used uninitialized whenever 'if' condition is false [-Wsometimes-uninitialized]
   62 |         else if(PORT == 3)
      |                 ^~~~~~~~~
gpio_drive.c(66): note: uninitialized use occurs here
   66 |                 state =  ((*IDR & (1<<pin))>>pin)  ;
      |                             ^~~
gpio_drive.c(62): note: remove the 'if' if its condition is always true
   62 |         else if(PORT == 3)
      |              ^~~~~~~~~~~~~
   63 |                 {
gpio_drive.c(50): note: initialize the variable 'IDR' to silence this warning
   50 |         volatile unsigned long * IDR;
      |                                     ^
      |                                      = 0
gpio_drive.c(87): warning: implicit conversion changes signedness: 'int' to 'unsigned long' [-Wsign-conversion]
   87 |         STATUS ? (*ODR |= (STATUS<<pin)) : (*ODR &= ~(1<<pin));
      |                        ~~  ~~~~~~^~~~~
gpio_drive.c(87): warning: variable 'ODR' may be uninitialized when used here [-Wconditional-uninitialized]
   87 |         STATUS ? (*ODR |= (STATUS<<pin)) : (*ODR &= ~(1<<pin));
      |                    ^~~
gpio_drive.c(73): note: initialize the variable 'ODR' to silence this warning
   73 |         volatile unsigned long * ODR;
      |                                     ^
      |                                      = 0
gpio_drive.c(108): warning: implicit conversion changes signedness: 'int' to 'uint32_t' (aka 'unsigned int') [-Wsign-conversion]
  108 |         STATUS ? (GPIOC->ODR |= (STATUS<<pin)) : (GPIOC->ODR &= ~(1<<pin));
      |                              ~~  ~~~~~~^~~~~
gpio_drive.c(31): warning: unsafe pointer arithmetic [-Wunsafe-buffer-usage]
   31 |                         CR = (volatile unsigned long *)(&GPIO_A + offset);
      |                                                         ^~~~~~~
gpio_drive.c(36): warning: unsafe pointer arithmetic [-Wunsafe-buffer-usage]
   36 |                 CR = (volatile unsigned long *)(&GPIO_B+ offset);
      |                                                 ^~~~~~~
gpio_drive.c(41): warning: unsafe pointer arithmetic [-Wunsafe-buffer-usage]
   41 |                 CR = (volatile unsigned long *)(&GPIO_C + offset);
      |                                                 ^~~~~~~
gpio_drive.c(56): warning: unsafe pointer arithmetic [-Wunsafe-buffer-usage]
   56 |                         IDR = (volatile unsigned long *)(&GPIO_A + offset);
      |                                                          ^~~~~~~
gpio_drive.c(60): warning: unsafe pointer arithmetic [-Wunsafe-buffer-usage]
   60 |                 IDR = (volatile unsigned long *)(&GPIO_B+ offset);
      |                                                  ^~~~~~~
gpio_drive.c(64): warning: unsafe pointer arithmetic [-Wunsafe-buffer-usage]
   64 |                 IDR = (volatile unsigned long *)(&GPIO_C+ offset);
      |                                                  ^~~~~~~
gpio_drive.c(77): warning: unsafe pointer arithmetic [-Wunsafe-buffer-usage]
   77 |                         ODR = (volatile unsigned long *)(&GPIO_A + offset);
      |                                                          ^~~~~~~
gpio_drive.c(81): warning: unsafe pointer arithmetic [-Wunsafe-buffer-usage]
   81 |                 ODR = (volatile unsigned long *)(&GPIO_B+ offset);
      |                                                  ^~~~~~~
gpio_drive.c(85): warning: unsafe pointer arithmetic [-Wunsafe-buffer-usage]
   85 |                 ODR = (volatile unsigned long *)(&GPIO_C+ offset);
      |                                                  ^~~~~~~
20 warnings generated.
compiling gpio_drive.c...
linking...
Program Size: Code=1748 RO-data=252 RW-data=0 ZI-data=1640  
".\Objects\070__STM32F1_Analog_to_Digital_Converter_ADC_setup_and_result_ visualization.axf" - 0 Error(s), 47 Warning(s).

<h2>Software Packages used:</h2>

Package Vendor: ARM
                http://www.keil.com/pack/ARM.CMSIS.5.9.0.pack
                ARM::CMSIS@5.9.0
                CMSIS (Common Microcontroller Software Interface Standard)
   * Component: CORE Version: 5.6.0

Package Vendor: Keil
                https://www.keil.com/pack/Keil.STM32F1xx_DFP.2.4.1.pack
                Keil::STM32F1xx_DFP@2.4.1
                STMicroelectronics STM32F1 Series Device Support, Drivers and Examples
   * Component: Startup Version: 1.0.0

<h2>Collection of Component include folders:</h2>
  ./RTE/Device/STM32F103C8
  ./RTE/_Target_1
  C:/Users/ASUS/AppData/Local/Arm/Packs/ARM/CMSIS/5.9.0/CMSIS/Core/Include
  C:/Users/ASUS/AppData/Local/Arm/Packs/Keil/STM32F1xx_DFP/2.4.1/Device/Include

<h2>Collection of Component Files used:</h2>

   * Component: ARM::CMSIS:CORE@5.6.0

   * Component: Keil::Device:Startup@1.0.0
      Source file:   Device/Source/ARM/STM32F1xx_OPT.s
      Include file:  RTE_Driver/Config/RTE_Device.h
      Source file:   Device/Source/ARM/startup_stm32f10x_md.s
      Source file:   Device/Source/system_stm32f10x.c
Build Time Elapsed:  00:00:01
</pre>
</body>
</html>
