<html>
<body>
<pre>
<h1>µVision Build Log</h1>
<h2>Tool Versions:</h2>
IDE-Version: µVision V5.39.0.0
Copyright (C) 2023 ARM Ltd and ARM Germany GmbH. All rights reserved.
License Information: thuy ASUS, non, LIC=----
 
Tool Versions:
Toolchain:       MDK-Lite  Version: 5.39.0.0
Toolchain Path:  C:\Keil_v5\ARM\ARMCLANG\Bin
C Compiler:      ArmClang.exe V6.21
Assembler:       Armasm.exe V6.21
Linker/Locator:  ArmLink.exe V6.21
Library Manager: ArmAr.exe V6.21
Hex Converter:   FromElf.exe V6.21
CPU DLL:         SARMCM3.DLL V5.39.0.0
Dialog DLL:      DARMSTM.DLL V1.69.1.0
Target DLL:      UL2CM3.DLL V1.164.9.0
Dialog DLL:      TCM.DLL V1.56.4.0
 
<h2>Project:</h2>
E:\2.Embedded\1.microtroller\3.stm32\reg\stm32f10x\3.UART_USART\033__STM32F1_USART_UART_INTERRUPT_STRATEGY_Advanced_Software_Interrupt_Techniques\033__STM32F1_USART_UART_INTERRUPT_STRATEGY_Advanced_Software_Interrupt_Techniques.uvprojx
Project File Date:  01/25/2024

<h2>Output:</h2>
*** Using Compiler 'V6.21', folder: 'C:\Keil_v5\ARM\ARMCLANG\Bin'
Build target 'Target 1'
uart_driver.c(1): warning: In file included from...
C:/Users/ASUS/AppData/Local/Arm/Packs/Keil/STM32F1xx_DFP/2.4.1/Device/Include\stm32f10x.h(18): warning: invalid UTF-8 in comment [-Winvalid-utf8]
   18 |   *              - To use or not the peripheral<92>s drivers in application code(i.e. 
      |                                                ^
C:/Users/ASUS/AppData/Local/Arm/Packs/Keil/STM32F1xx_DFP/2.4.1/Device/Include\stm32f10x.h(19): warning: invalid UTF-8 in comment [-Winvalid-utf8]
   19 |   *                code will be based on direct access to peripheral<92>s registers 
      |                                                                     ^
C:/Users/ASUS/AppData/Local/Arm/Packs/Keil/STM32F1xx_DFP/2.4.1/Device/Include\stm32f10x.h(26): warning: invalid UTF-8 in comment [-Winvalid-utf8]
   26 |   *           - Macros to access peripheral<92>s registers hardware
      |                                            ^
uart_driver.c(2): warning: In file included from...
./uart_driver.h(6): warning: no newline at end of file [-Wnewline-eof]
    6 | void UART_SEND(unsigned short uart, char* srt);
      |                                                ^
uart_driver.c(31): warning: implicit conversion turns floating-point number into integer: 'double' to 'unsigned long' [-Wfloat-conversion]
   31 |         dec = frac;
      |             ~ ^~~~
uart_driver.c(71): warning: implicit conversion loses integer precision: 'unsigned long' to 'uint16_t' (aka 'unsigned short') [-Wimplicit-int-conversion]
   71 |                 USART1->BRR = BR_cal;
      |                             ~ ^~~~~~
uart_driver.c(87): warning: implicit conversion loses integer precision: 'unsigned long' to 'uint16_t' (aka 'unsigned short') [-Wimplicit-int-conversion]
   87 |                 USART2->BRR = BR_cal;
      |                             ~ ^~~~~~
uart_driver.c(103): warning: implicit conversion loses integer precision: 'unsigned long' to 'uint16_t' (aka 'unsigned short') [-Wimplicit-int-conversion]
  103 |                 USART3->BRR = BR_cal;
      |                             ~ ^~~~~~
uart_driver.c(59): warning: mixing declarations and code is incompatible with standards before C99 [-Wdeclaration-after-statement]
   59 |         unsigned long BR_cal;
      |                       ^
uart_driver.c(80): warning: expression result unused [-Wunused-value]
   80 |                 __enable_irq;
      |                 ^~~~~~~~~~~~
uart_driver.c(96): warning: expression result unused [-Wunused-value]
   96 |                 __enable_irq;
      |                 ^~~~~~~~~~~~
uart_driver.c(112): warning: expression result unused [-Wunused-value]
  112 |                 __enable_irq;
      |                 ^~~~~~~~~~~~
uart_driver.c(120): warning: implicit conversion loses integer precision: 'volatile uint16_t' (aka 'volatile unsigned short') to 'char' [-Wimplicit-int-conversion]
  120 |                 c = USART1->DR;
      |                   ~ ~~~~~~~~^~
uart_driver.c(124): warning: implicit conversion loses integer precision: 'volatile uint16_t' (aka 'volatile unsigned short') to 'char' [-Wimplicit-int-conversion]
  124 |                 c = USART2->DR;
      |                   ~ ~~~~~~~~^~
uart_driver.c(128): warning: implicit conversion loses integer precision: 'volatile uint16_t' (aka 'volatile unsigned short') to 'char' [-Wimplicit-int-conversion]
  128 |                 c = USART3->DR;
      |                   ~ ~~~~~~~~^~
uart_driver.c(126): warning: variable 'c' is used uninitialized whenever 'if' condition is false [-Wsometimes-uninitialized]
  126 |         else if(uart == 3){
      |                 ^~~~~~~~~
uart_driver.c(130): note: uninitialized use occurs here
  130 |         return c;
      |                ^
uart_driver.c(126): note: remove the 'if' if its condition is always true
  126 |         else if(uart == 3){
      |              ^~~~~~~~~~~~~
uart_driver.c(117): note: initialize the variable 'c' to silence this warning
  117 |         char c;
      |               ^
      |                = '\0'
uart_driver.c(135): warning: result of comparison of 7-bit unsigned value == 128 is always false [-Wtautological-value-range-compare]
  135 |                 while((USART1->SR & (1<<6)) == 0x80){}
      |                       ~~~~~~~~~~~~~~~~~~~~~ ^  ~~~~
uart_driver.c(139): warning: result of comparison of 7-bit unsigned value == 128 is always false [-Wtautological-value-range-compare]
  139 |                 while((USART2->SR & (1<<6)) == 0x80){}
      |                       ~~~~~~~~~~~~~~~~~~~~~ ^  ~~~~
uart_driver.c(143): warning: result of comparison of 7-bit unsigned value == 128 is always false [-Wtautological-value-range-compare]
  143 |                 while((USART3->SR & (1<<6)) == 0x80){}
      |                       ~~~~~~~~~~~~~~~~~~~~~ ^  ~~~~
uart_driver.c(150): warning: unsafe pointer arithmetic [-Wunsafe-buffer-usage]
  150 |         while(*(str+i) != '\0'){
      |                 ^~~
uart_driver.c(151): warning: unsafe pointer arithmetic [-Wunsafe-buffer-usage]
  151 |                 UART_Tx(uart, *(str+i));
      |                                 ^~~
21 warnings generated.
compiling uart_driver.c...
linking...
Program Size: Code=4400 RO-data=252 RW-data=0 ZI-data=1632  
".\Objects\033__STM32F1_USART_UART_INTERRUPT_STRATEGY_Advanced_Software_Interrupt_Techniques.axf" - 0 Error(s), 21 Warning(s).

<h2>Software Packages used:</h2>

Package Vendor: ARM
                http://www.keil.com/pack/ARM.CMSIS.5.9.0.pack
                ARM::CMSIS@5.9.0
                CMSIS (Common Microcontroller Software Interface Standard)
   * Component: CORE Version: 5.6.0

Package Vendor: Keil
                https://www.keil.com/pack/Keil.STM32F1xx_DFP.2.4.1.pack
                Keil::STM32F1xx_DFP@2.4.1
                STMicroelectronics STM32F1 Series Device Support, Drivers and Examples
   * Component: Startup Version: 1.0.0

<h2>Collection of Component include folders:</h2>
  ./RTE/Device/STM32F103C8
  ./RTE/_Target_1
  C:/Users/ASUS/AppData/Local/Arm/Packs/ARM/CMSIS/5.9.0/CMSIS/Core/Include
  C:/Users/ASUS/AppData/Local/Arm/Packs/Keil/STM32F1xx_DFP/2.4.1/Device/Include

<h2>Collection of Component Files used:</h2>

   * Component: ARM::CMSIS:CORE@5.6.0

   * Component: Keil::Device:Startup@1.0.0
      Source file:   Device/Source/ARM/startup_stm32f10x_md.s
      Source file:   Device/Source/ARM/STM32F1xx_OPT.s
      Source file:   Device/Source/system_stm32f10x.c
      Include file:  RTE_Driver/Config/RTE_Device.h
Build Time Elapsed:  00:00:01
</pre>
</body>
</html>
